exports[`<HomePage /> Matches snapshot 1`] = `
<div
  style={
    Object {
      "height": "100%",
    }
  }>
  <div
    className="ui container"
    style={
      Object {
        "display": "flex",
        "height": "100%",
      }
    }>
    <div
      className="ui center aligned middle aligned grid"
      style={
        Object {
          "margin": 0,
          "padding": 0,
          "width": "100%",
        }
      }
      width={16}>
      <div
        className="row"
        style={
          Object {
            "display": "block",
            "marginTop": "1rem",
            "padding": 0,
          }
        }>
        <div
          className="right floated sixteen wide column"
          style={
            Object {
              "padding": 0,
            }
          }>
          <a
            href="/login"
            onClick={[Function]}>
            <button
              className="ui inverted right floated button"
              onClick={[Function]}
              tabIndex={undefined}>
              <i
                aria-hidden="true"
                className="trophy icon"
                style={
                  Object {
                    "opacity": 1,
                  }
                } />
              Get Started
            </button>
          </a>
        </div>
      </div>
      <div>
        <div
          className="sixteen wide column"
          style={
            Object {
              "marginTop": "-1rem",
            }
          } />
      </div>
    </div>
  </div>
</div>
`;
