exports[`<LoginPage /> Matches snapshot 1`] = `
<div>
  <div
    className="ui container"
    style={
      Object {
        "paddingTop": "1rem",
      }
    }>
    <div
      className="ui centered relaxed grid"
      style={
        Object {
          "paddingTop": "16rem",
        }
      }>
      <div
        className="center aligned middle aligned sixteen wide column ppd-padding-1"
        style={
          Object {
            "maxWidth": "500px",
          }
        }>
        <div
          className="ui raised segment"
          style={
            Object {
              "paddingTop": "2rem",
            }
          }>
          <img
            alt={undefined}
            className="ui small centered image"
            height={undefined}
            src="logo_sm.png"
            width={undefined} />
          <div
            style={
              Object {
                "padding": "2rem 1rem 0 1rem",
              }
            }>
            <button
              className="ui large button"
              onClick={[Function]}
              style={
                Object {
                  "backgroundStyle": "#d4d4d5",
                }
              }
              tabIndex={undefined}>
              <i
                aria-hidden="true"
                className="google icon" />
               
              Login with Google
            </button>
            <div
              className="ui horizontal divider"
              style={
                Object {
                  "margin": 0,
                  "paddingTop": "1rem",
                }
              }>
              Or
            </div>
          </div>
          <form
            className="ui large form"
            onSubmit={[Function]}>
            <div
              className="ui basic segment">
              <div
                className="field">
                <div
                  className="ui left icon input">
                  <i
                    aria-hidden="true"
                    className="user icon" />
                  <input
                    name="email"
                    onChange={[Function]}
                    placeholder="Email"
                    required={undefined}
                    type="email"
                    value="" />
                </div>
              </div>
              <div
                className="field">
                <div
                  className="ui left icon input">
                  <i
                    aria-hidden="true"
                    className="lock icon" />
                  <input
                    name="password"
                    onChange={[Function]}
                    placeholder="Password"
                    required={undefined}
                    type="password"
                    value="" />
                </div>
              </div>
              <div
                className="field">
                <button
                  className="ui large fluid primary button"
                  onClick={[Function]}
                  required={undefined}
                  style={
                    Object {
                      "backgroundColor": "#1CAF9A",
                    }
                  }
                  tabIndex={undefined}
                  type={undefined}>
                  LOGIN
                </button>
              </div>
            </div>
          </form>
          <div
            className="ui error hidden message">
            <div
              className="content">
              <div
                className="header">
                Login Error
              </div>
              <p>
                Please enter valid credentials.
              </p>
            </div>
          </div>
        </div>
      </div>
    </div>
  </div>
</div>
`;
