exports[`<LoginPage /> Matches snapshot 1`] = `
<div
  style={
    Object {
      "height": "100%",
    }
  }>
  <div
    className="ui container"
    style={
      Object {
        "display": "flex",
        "height": "100%",
      }
    }>
    <div
      className="ui center aligned middle aligned grid"
      style={
        Object {
          "margin": 0,
          "padding": 0,
          "width": "100%",
        }
      }
      width={16}>
      <div
        className="row"
        style={
          Object {
            "display": "block",
            "marginTop": "1rem",
            "padding": 0,
          }
        }>
        <div
          className="right floated sixteen wide column"
          style={
            Object {
              "padding": 0,
            }
          }>
          <a
            href="/"
            onClick={[Function]}>
            <button
              className="ui inverted right floated button"
              onClick={[Function]}
              tabIndex={undefined}>
              <i
                aria-hidden="true"
                className="home icon"
                style={
                  Object {
                    "opacity": 1,
                  }
                } />
              Home
            </button>
          </a>
        </div>
      </div>
      <div
        style={
          Object {
            "width": "40rem",
          }
        }>
        <div
          className="ui centered relaxed sixteen column grid"
          style={
            Object {
              "alignContent": "center",
              "justifyContent": "center",
              "margin": 0,
              "width": "100%",
            }
          }>
          <div
            className="center aligned middle aligned sixteen wide column"
            style={
              Object {
                "maxWidth": "40rem",
                "padding": 0,
              }
            }>
            <div
              className="blurring dimmable">
              <div
                className="ui segment ui inverted dimmer"
                onClick={[Function]}>
                <div
                  className="content">
                  <div
                    className="center">
                    <div
                      className="ui loader" />
                  </div>
                </div>
              </div>
              <div
                className="ui raised segment"
                style={
                  Object {
                    "margin": 0,
                    "paddingTop": "2rem",
                  }
                }>
                <div
                  style={
                    Object {
                      "paddingBottom": "1rem",
                    }
                  }>
                  <img
                    alt={undefined}
                    className="ui tiny centered image"
                    height={undefined}
                    src="medal_circle_platagreen.svg"
                    width={undefined} />
                </div>
                <img
                  alt={undefined}
                  className="ui small centered image"
                  height={undefined}
                  src="logo_sm.png"
                  width={undefined} />
                <div
                  className="ui medium header"
                  style={
                    Object {
                      "fontWeight": "300",
                      "marginTop": "1rem",
                    }
                  }>
                  Simple Weekly Training Plans.
                </div>
                <div
                  className="ui hidden divider" />
                <div
                  className="ui small header"
                  style={
                    Object {
                      "color": "#ABB7B7",
                      "fontWeight": "300",
                      "marginBottom": 0,
                      "marginTop": "1rem",
                    }
                  }>
                  Get started by signing in with your Google account.
                </div>
                <div
                  style={
                    Object {
                      "padding": "1rem",
                    }
                  }>
                  <button
                    className="ui large button"
                    onClick={[Function]}
                    style={
                      Object {
                        "backgroundStyle": "#d4d4d5",
                      }
                    }
                    tabIndex={undefined}>
                    <i
                      aria-hidden="true"
                      className="google icon" />
                     
                    Login with Google
                  </button>
                  <div
                    className="ui horizontal divider"
                    style={
                      Object {
                        "display": "none",
                        "margin": 0,
                        "paddingTop": "1rem",
                      }
                    }>
                    Or
                  </div>
                </div>
                <form
                  className="ui large form"
                  onSubmit={[Function]}
                  style={
                    Object {
                      "display": "none",
                    }
                  }>
                  <div
                    className="ui basic segment">
                    <div
                      className="field">
                      <div
                        className="ui left icon input">
                        <i
                          aria-hidden="true"
                          className="user icon" />
                        <input
                          name="email"
                          onChange={[Function]}
                          placeholder="Email"
                          required={undefined}
                          type="email"
                          value="" />
                      </div>
                    </div>
                    <div
                      className="field">
                      <div
                        className="ui left icon input">
                        <i
                          aria-hidden="true"
                          className="lock icon" />
                        <input
                          name="password"
                          onChange={[Function]}
                          placeholder="Password"
                          required={undefined}
                          type="password"
                          value="" />
                      </div>
                    </div>
                    <div
                      className="field">
                      <button
                        className="ui large fluid primary button"
                        onClick={[Function]}
                        required={undefined}
                        style={
                          Object {
                            "backgroundColor": "#1CAF9A",
                          }
                        }
                        tabIndex={undefined}
                        type={undefined}>
                        LOGIN
                      </button>
                    </div>
                  </div>
                </form>
                <div
                  className="ui error hidden message">
                  <div
                    className="content">
                    <div
                      className="header">
                      Login Error
                    </div>
                    <p>
                      Please enter valid credentials.
                    </p>
                  </div>
                </div>
              </div>
            </div>
          </div>
        </div>
      </div>
    </div>
  </div>
</div>
`;
