exports[`Utility Class Tests formatDate() properly reformats the date 1`] = `"Saturday, April 1st"`;

exports[`Utility Class Tests proper() properly reformats string 1`] = `"Practice"`;

exports[`Utility Class Tests properly instantiates the class 1`] = `
Array [
  Object {
    "date": "2017-04-01",
    "time": "12pm",
    "type": "practice",
  },
  Object {
    "date": "2017-04-03",
    "time": "6pm",
    "type": "practice",
  },
  Object {
    "date": "2017-04-08",
    "time": "10:30am",
    "type": "practice",
  },
  Object {
    "date": "2017-04-10",
    "time": "6pm",
    "type": "practice",
  },
  Object {
    "date": "2020-04-15",
    "time": "TBA",
    "type": "practice",
  },
  Object {
    "date": "2017-04-17",
    "time": "6pm",
    "type": "practice",
  },
  Object {
    "date": "2025-04-20",
    "time": "TBA",
    "type": "game",
  },
]
`;
