exports[`test Login component should render a login form 1`] = `
<div
  className="plata-height-100">
  <div
    className="ui center aligned middle aligned grid plata-height-100">
    <div
      className="column"
      style={
        Object {
          "maxWidth": "450px",
        }
      }>
      <h2
        className="ui header">
        Login
      </h2>
      <form
        className="ui large form"
        onSubmit={[Function]}>
        <div
          className="ui segment">
          <div
            className="field">
            <div
              className="ui left icon input">
              <i
                aria-hidden="true"
                className="user icon" />
              <input
                name="email"
                onChange={[Function]}
                placeholder="Email Address"
                required={undefined}
                type="email"
                value="my@email.com" />
            </div>
          </div>
          <div
            className="field">
            <div
              className="ui left icon input">
              <i
                aria-hidden="true"
                className="lock icon" />
              <input
                name="password"
                onChange={[Function]}
                placeholder="Password"
                required={undefined}
                type="password"
                value="" />
            </div>
          </div>
          <div
            className="field">
            <button
              className="ui large fluid primary button"
              onClick={[Function]}
              required={undefined}
              tabIndex={undefined}
              type={undefined}>
              Login
            </button>
          </div>
        </div>
      </form>
    </div>
  </div>
</div>
`;
