exports[`test Home pages shows the home page! 1`] = `
<div>
  <div />
  <div
    className="ui fluid container">
    <div>
      <div>
        <h1>
          Home Page
        </h1>
      </div>
      <div>
        <a
          href="/login"
          onClick={[Function]}>
          Login
        </a>
      </div>
      <div>
        <a
          href="/dashboard"
          onClick={[Function]}>
          Dashboard
        </a>
      </div>
    </div>
  </div>
</div>
`;
