// Jest Snapshot v1, https://goo.gl/fbAQLP

exports[`<AppFooter /> Matches snapshot with child 1`] = `
<footer
  className="mdl-mini-footer sbr-app-footer"
>
  <div
    className="mdl-mini-footer__right-section"
  >
    <a
      href="https://github.com/brygrill/sbr-training"
      rel="noopener noreferrer"
      target="_blank"
    >
      <i
        className="fa fa-github fa-fw fa-2x"
      />
       
    </a>
  </div>
</footer>
`;
