exports[`<ContainerComponent /> Matches snapshot with child 1`] = `
<div
  style={
    Object {
      "height": "100%",
    }
  }>
  <div
    className="ui container"
    style={
      Object {
        "display": "flex",
        "height": "100%",
      }
    }>
    <h1>
      TEST!
    </h1>
  </div>
</div>
`;
