exports[`<LoginGoogleComponent /> Matches snapshot with child 1`] = `
<div
  style={
    Object {
      "padding": "1rem 1rem 0 1rem",
    }
  }>
  <button
    className="ui large button"
    onClick={[Function]}
    style={
      Object {
        "backgroundStyle": "#d4d4d5",
      }
    }
    tabIndex={undefined}>
    <i
      aria-hidden="true"
      className="google icon" />
     
    Login with Google
  </button>
  <div
    className="ui horizontal divider"
    style={
      Object {
        "margin": 0,
        "paddingTop": "1rem",
      }
    }>
    Or
  </div>
</div>
`;
